// Jest Snapshot v1, https://goo.gl/fbAQLP

exports[`App render should render loading 1`] = `null`;

exports[`App render should render root component when skip 1`] = `
<View
  style={
    Array [
      Object {
        "flexBasis": 0,
        "flexGrow": 1,
        "flexShrink": 1,
      },
    ]
  }
>
  <RootComponent />
</View>
`;
